Startpoint: ALU_Sel[0] (input port clocked by MYCLK)
Endpoint: _458_ (rising edge-triggered flip-flop clocked by MYCLK)
Path Group: MYCLK
Path Type: min

Fanout       Cap      Slew     Delay      Time   Description
------------------------------------------------------------------------------------
                   0.0000    0.0000    0.0000   clock MYCLK (rise edge)
                             3.0000    3.0000   clock network delay (ideal)
                             1.0000    4.0000 v input external delay
                   0.1000    0.0000    4.0000 v ALU_Sel[0] (in)
   10    0.0186                                 ALU_Sel[0] (net)
                   0.1000    0.0000    4.0000 v _345_/A (sky130_fd_sc_hd__nand2_1)
                   0.1195    0.1535    4.1535 ^ _345_/Y (sky130_fd_sc_hd__nand2_1)
    2    0.0046                                 _276_ (net)
                   0.1195    0.0000    4.1535 ^ _450_/A1 (sky130_fd_sc_hd__o31ai_1)
                   0.0793    0.1984    4.3519 v _450_/Y (sky130_fd_sc_hd__o31ai_1)
    1    0.0015                                 _175_ (net)
                   0.0793    0.0000    4.3519 v _458_/D (sky130_fd_sc_hd__dfxtp_1)
                                       4.3519   data arrival time

                   0.0000    0.0000    0.0000   clock MYCLK (rise edge)
                             3.0000    3.0000   clock network delay (ideal)
                             0.1000    3.1000   clock uncertainty
                             0.0000    3.1000   clock reconvergence pessimism
                                       3.1000 ^ _458_/CLK (sky130_fd_sc_hd__dfxtp_1)
                            -0.1642    2.9358   library hold time
                                       2.9358   data required time
------------------------------------------------------------------------------------
                                       2.9358   data required time
                                      -4.3519   data arrival time
------------------------------------------------------------------------------------
                                       1.4161   slack (MET)


Startpoint: _451_ (rising edge-triggered flip-flop clocked by MYCLK)
Endpoint: R[0] (output port clocked by MYGEN_CLK)
Path Group: MYGEN_CLK
Path Type: min

Fanout       Cap      Slew     Delay      Time   Description
------------------------------------------------------------------------------------
                   0.0000    0.0000    0.0000   clock MYCLK (rise edge)
                             3.0000    3.0000   clock network delay (ideal)
                   0.0000    0.0000    3.0000 ^ _451_/CLK (sky130_fd_sc_hd__dfxtp_1)
                   1.1566    1.6008    4.6008 v _451_/Q (sky130_fd_sc_hd__dfxtp_1)
    1    0.1000                                 Reg3[0] (net)
                   1.1566    0.0000    4.6008 v R[0] (out)
                                       4.6008   data arrival time

                   0.0000    0.0000    0.0000   clock MYGEN_CLK (rise edge)
                             0.0000    0.0000   clock network delay (ideal)
                             0.0000    0.0000   clock reconvergence pessimism
                            -1.0000   -1.0000   output external delay
                                      -1.0000   data required time
------------------------------------------------------------------------------------
                                      -1.0000   data required time
                                      -4.6008   data arrival time
------------------------------------------------------------------------------------
                                       5.6008   slack (MET)


Startpoint: A[1] (input port clocked by MYCLK)
Endpoint: _458_ (rising edge-triggered flip-flop clocked by MYCLK)
Path Group: MYCLK
Path Type: max

Fanout       Cap      Slew     Delay      Time   Description
------------------------------------------------------------------------------------
                   0.0000    0.0000    0.0000   clock MYCLK (rise edge)
                             3.0000    3.0000   clock network delay (ideal)
                             4.0000    7.0000 v input external delay
                   0.5000    0.0000    7.0000 v A[1] (in)
    7    0.0173                                 A[1] (net)
                   0.5000    0.0000    7.0000 v _341_/A (sky130_fd_sc_hd__xor2_1)
                   0.6212    0.8118    7.8118 ^ _341_/X (sky130_fd_sc_hd__xor2_1)
    4    0.0115                                 _272_ (net)
                   0.6212    0.0000    7.8118 ^ _347_/C (sky130_fd_sc_hd__nand3_1)
                   0.2582    0.4889    8.3006 v _347_/Y (sky130_fd_sc_hd__nand3_1)
    2    0.0045                                 _278_ (net)
                   0.2582    0.0000    8.3006 v _364_/A1 (sky130_fd_sc_hd__a21o_1)
                   0.1257    0.5388    8.8394 v _364_/X (sky130_fd_sc_hd__a21o_1)
    3    0.0067                                 _294_ (net)
                   0.1257    0.0000    8.8394 v _377_/A2 (sky130_fd_sc_hd__a21o_1)
                   0.1259    0.5086    9.3480 v _377_/X (sky130_fd_sc_hd__a21o_1)
    3    0.0067                                 _306_ (net)
                   0.1259    0.0000    9.3480 v _395_/A1 (sky130_fd_sc_hd__a21o_1)
                   0.1173    0.4653    9.8133 v _395_/X (sky130_fd_sc_hd__a21o_1)
    3    0.0059                                 _199_ (net)
                   0.1173    0.0000    9.8133 v _426_/A2 (sky130_fd_sc_hd__a311oi_1)
                   0.6812    0.7898   10.6031 ^ _426_/Y (sky130_fd_sc_hd__a311oi_1)
    3    0.0058                                 _228_ (net)
                   0.6812    0.0000   10.6031 ^ _443_/A2 (sky130_fd_sc_hd__o21bai_1)
                   0.1321    0.3775   10.9806 v _443_/Y (sky130_fd_sc_hd__o21bai_1)
    1    0.0022                                 _244_ (net)
                   0.1321    0.0000   10.9806 v _449_/A3 (sky130_fd_sc_hd__a31oi_1)
                   0.2435    0.3608   11.3414 ^ _449_/Y (sky130_fd_sc_hd__a31oi_1)
    1    0.0023                                 _250_ (net)
                   0.2435    0.0000   11.3414 ^ _450_/B1 (sky130_fd_sc_hd__o31ai_1)
                   0.1196    0.2293   11.5707 v _450_/Y (sky130_fd_sc_hd__o31ai_1)
    1    0.0015                                 _175_ (net)
                   0.1196    0.0000   11.5707 v _458_/D (sky130_fd_sc_hd__dfxtp_1)
                                      11.5707   data arrival time

                   0.0000   10.0000   10.0000   clock MYCLK (rise edge)
                             3.0000   13.0000   clock network delay (ideal)
                            -0.5000   12.5000   clock uncertainty
                             0.0000   12.5000   clock reconvergence pessimism
                                      12.5000 ^ _458_/CLK (sky130_fd_sc_hd__dfxtp_1)
                            -0.5010   11.9990   library setup time
                                      11.9990   data required time
------------------------------------------------------------------------------------
                                      11.9990   data required time
                                     -11.5707   data arrival time
------------------------------------------------------------------------------------
                                       0.4283   slack (MET)


Startpoint: _451_ (rising edge-triggered flip-flop clocked by MYCLK)
Endpoint: R[0] (output port clocked by MYGEN_CLK)
Path Group: MYGEN_CLK
Path Type: max

Fanout       Cap      Slew     Delay      Time   Description
------------------------------------------------------------------------------------
                   0.0000    0.0000    0.0000   clock MYCLK (rise edge)
                             3.0000    3.0000   clock network delay (ideal)
                   0.0000    0.0000    3.0000 ^ _451_/CLK (sky130_fd_sc_hd__dfxtp_1)
                   2.5510    2.6726    5.6726 ^ _451_/Q (sky130_fd_sc_hd__dfxtp_1)
    1    0.1300                                 Reg3[0] (net)
                   2.5510    0.0000    5.6726 ^ R[0] (out)
                                       5.6726   data arrival time

                   0.0000   10.0000   10.0000   clock MYGEN_CLK (rise edge)
                             0.0000   10.0000   clock network delay (ideal)
                             0.0000   10.0000   clock reconvergence pessimism
                            -3.0000    7.0000   output external delay
                                       7.0000   data required time
------------------------------------------------------------------------------------
                                       7.0000   data required time
                                      -5.6726   data arrival time
------------------------------------------------------------------------------------
                                       1.3274   slack (MET)


