Startpoint: B[0] (input port clocked by MYCLK)
Endpoint: _451_ (rising edge-triggered flip-flop clocked by MYCLK)
Path Group: MYCLK
Path Type: min

Fanout       Cap      Slew     Delay      Time   Description
------------------------------------------------------------------------------------
                   0.0000    0.0000    0.0000   clock MYCLK (rise edge)
                             3.0000    3.0000   clock network delay (ideal)
                             1.0000    4.0000 ^ input external delay
                   0.1000    0.0000    4.0000 ^ B[0] (in)
    6    0.0147                                 B[0] (net)
                   0.1000    0.0000    4.0000 ^ _320_/B (sky130_fd_sc_hd__nor2_1)
                   0.0291    0.0244    4.0244 v _320_/Y (sky130_fd_sc_hd__nor2_1)
    1    0.0018                                 _252_ (net)
                   0.0291    0.0000    4.0244 v _339_/A1 (sky130_fd_sc_hd__o21ai_0)
                   0.0294    0.0805    4.1049 ^ _339_/Y (sky130_fd_sc_hd__o21ai_0)
    1    0.0018                                 _168_ (net)
                   0.0294    0.0000    4.1049 ^ _451_/D (sky130_fd_sc_hd__dfxtp_1)
                                       4.1049   data arrival time

                   0.0000    0.0000    0.0000   clock MYCLK (rise edge)
                             3.0000    3.0000   clock network delay (ideal)
                             0.1000    3.1000   clock uncertainty
                             0.0000    3.1000   clock reconvergence pessimism
                                       3.1000 ^ _451_/CLK (sky130_fd_sc_hd__dfxtp_1)
                            -0.0195    3.0805   library hold time
                                       3.0805   data required time
------------------------------------------------------------------------------------
                                       3.0805   data required time
                                      -4.1049   data arrival time
------------------------------------------------------------------------------------
                                       1.0244   slack (MET)


Startpoint: _451_ (rising edge-triggered flip-flop clocked by MYCLK)
Endpoint: R[0] (output port clocked by MYGEN_CLK)
Path Group: MYGEN_CLK
Path Type: min

Fanout       Cap      Slew     Delay      Time   Description
------------------------------------------------------------------------------------
                   0.0000    0.0000    0.0000   clock MYCLK (rise edge)
                             3.0000    3.0000   clock network delay (ideal)
                   0.0000    0.0000    3.0000 ^ _451_/CLK (sky130_fd_sc_hd__dfxtp_1)
                   0.3862    0.4663    3.4663 v _451_/Q (sky130_fd_sc_hd__dfxtp_1)
    1    0.1000                                 Reg3[0] (net)
                   0.3862    0.0000    3.4663 v R[0] (out)
                                       3.4663   data arrival time

                   0.0000    0.0000    0.0000   clock MYGEN_CLK (rise edge)
                             0.0000    0.0000   clock network delay (ideal)
                             0.0000    0.0000   clock reconvergence pessimism
                            -1.0000   -1.0000   output external delay
                                      -1.0000   data required time
------------------------------------------------------------------------------------
                                      -1.0000   data required time
                                      -3.4663   data arrival time
------------------------------------------------------------------------------------
                                       4.4663   slack (MET)


Startpoint: A[1] (input port clocked by MYCLK)
Endpoint: _458_ (rising edge-triggered flip-flop clocked by MYCLK)
Path Group: MYCLK
Path Type: max

Fanout       Cap      Slew     Delay      Time   Description
------------------------------------------------------------------------------------
                   0.0000    0.0000    0.0000   clock MYCLK (rise edge)
                             3.0000    3.0000   clock network delay (ideal)
                             4.0000    7.0000 v input external delay
                   0.5000    0.0000    7.0000 v A[1] (in)
    7    0.0186                                 A[1] (net)
                   0.5000    0.0000    7.0000 v _341_/A (sky130_fd_sc_hd__xor2_1)
                   0.1726    0.2251    7.2251 v _341_/X (sky130_fd_sc_hd__xor2_1)
    4    0.0118                                 _272_ (net)
                   0.1726    0.0000    7.2251 v _343_/B1 (sky130_fd_sc_hd__a21o_1)
                   0.0522    0.1199    7.3450 v _343_/X (sky130_fd_sc_hd__a21o_1)
    3    0.0071                                 _274_ (net)
                   0.0522    0.0000    7.3450 v _361_/A2 (sky130_fd_sc_hd__a21oi_1)
                   0.1233    0.1217    7.4667 ^ _361_/Y (sky130_fd_sc_hd__a21oi_1)
    3    0.0065                                 _291_ (net)
                   0.1233    0.0000    7.4667 ^ _375_/A1 (sky130_fd_sc_hd__o21ai_0)
                   0.1031    0.1091    7.5758 v _375_/Y (sky130_fd_sc_hd__o21ai_0)
    3    0.0072                                 _304_ (net)
                   0.1031    0.0000    7.5758 v _392_/A2 (sky130_fd_sc_hd__a22o_1)
                   0.0489    0.1468    7.7226 v _392_/X (sky130_fd_sc_hd__a22o_1)
    3    0.0072                                 _196_ (net)
                   0.0489    0.0000    7.7226 v _408_/A1 (sky130_fd_sc_hd__a21o_1)
                   0.0443    0.1112    7.8338 v _408_/X (sky130_fd_sc_hd__a21o_1)
    3    0.0072                                 _211_ (net)
                   0.0443    0.0000    7.8338 v _429_/A1 (sky130_fd_sc_hd__a21o_1)
                   0.0401    0.1057    7.9396 v _429_/X (sky130_fd_sc_hd__a21o_1)
    3    0.0060                                 _231_ (net)
                   0.0401    0.0000    7.9396 v _441_/C (sky130_fd_sc_hd__and3b_1)
                   0.0302    0.1063    8.0459 v _441_/X (sky130_fd_sc_hd__and3b_1)
    1    0.0024                                 _242_ (net)
                   0.0302    0.0000    8.0459 v _450_/A3 (sky130_fd_sc_hd__o31ai_1)
                   0.1094    0.0921    8.1380 ^ _450_/Y (sky130_fd_sc_hd__o31ai_1)
    1    0.0018                                 _175_ (net)
                   0.1094    0.0000    8.1380 ^ _458_/D (sky130_fd_sc_hd__dfxtp_1)
                                       8.1380   data arrival time

                   0.0000   10.0000   10.0000   clock MYCLK (rise edge)
                             3.0000   13.0000   clock network delay (ideal)
                            -0.5000   12.5000   clock uncertainty
                             0.0000   12.5000   clock reconvergence pessimism
                                      12.5000 ^ _458_/CLK (sky130_fd_sc_hd__dfxtp_1)
                            -0.0413   12.4587   library setup time
                                      12.4587   data required time
------------------------------------------------------------------------------------
                                      12.4587   data required time
                                      -8.1380   data arrival time
------------------------------------------------------------------------------------
                                       4.3207   slack (MET)


Startpoint: _451_ (rising edge-triggered flip-flop clocked by MYCLK)
Endpoint: R[0] (output port clocked by MYGEN_CLK)
Path Group: MYGEN_CLK
Path Type: max

Fanout       Cap      Slew     Delay      Time   Description
------------------------------------------------------------------------------------
                   0.0000    0.0000    0.0000   clock MYCLK (rise edge)
                             3.0000    3.0000   clock network delay (ideal)
                   0.0000    0.0000    3.0000 ^ _451_/CLK (sky130_fd_sc_hd__dfxtp_1)
                   0.8363    0.7330    3.7330 ^ _451_/Q (sky130_fd_sc_hd__dfxtp_1)
    1    0.1300                                 Reg3[0] (net)
                   0.8363    0.0000    3.7330 ^ R[0] (out)
                                       3.7330   data arrival time

                   0.0000   10.0000   10.0000   clock MYGEN_CLK (rise edge)
                             0.0000   10.0000   clock network delay (ideal)
                             0.0000   10.0000   clock reconvergence pessimism
                            -3.0000    7.0000   output external delay
                                       7.0000   data required time
------------------------------------------------------------------------------------
                                       7.0000   data required time
                                      -3.7330   data arrival time
------------------------------------------------------------------------------------
                                       3.2670   slack (MET)


